[Map]
author=Zenji Yamada
image=chess.bmp
wrap=yes
scroll=none
warn=yes

[Continents]
Black=5
White=5
Neutral=10

[Territories]
Territory01,57,43,Black,Territory02,Territory16
Territory02,70,29,Black,Territory01,Territory15,Territory03
Territory03,112,30,Black,Territory02,Territory04,Territory14
Territory04,148,47,Black,Territory03,Territory05,Territory13
Territory05,196,29,Black,Territory04,Territory06,Territory12
Territory06,231,35,Black,Territory05,Territory07,Territory11
Territory07,267,30,Black,Territory06,Territory08,Territory10
Territory08,310,38,Black,Territory07,Territory09
Territory09,309,73,Black,Territory08,Territory10,Territory64
Territory10,299,77,Black,Territory07,Territory11,Territory09,Territory57
Territory11,253,77,Black,Territory06,Territory12,Territory10,Territory56
Territory12,218,78,Black,Territory05,Territory13,Territory11,Territory49
Territory13,178,78,Black,Territory04,Territory14,Territory12,Territory48
Territory14,136,71,Black,Territory15,Territory03,Territory13,Territory41
Territory15,99,75,Black,Territory02,Territory16,Territory14,Territory40
Territory16,52,76,Black,Territory01,Territory15,Territory33
Territory17,56,279,White,Territory36,Territory18,Territory32
Territory18,71,277,White,Territory37,Territory17,Territory19,Territory31
Territory19,110,277,White,Territory44,Territory20,Territory18,Territory30
Territory20,150,277,White,Territory45,Territory19,Territory21,Territory29
Territory21,191,278,White,Territory52,Territory20,Territory22,Territory28
Territory22,231,279,White,Territory53,Territory21,Territory23,Territory27
Territory23,271,280,White,Territory60,Territory22,Territory24,Territory26
Territory24,310,277,White,Territory61,Territory23,Territory25
Territory25,310,323,White,Territory24,Territory26
Territory26,298,311,White,Territory23,Territory27,Territory25
Territory27,259,315,White,Territory22,Territory28,Territory26
Territory28,220,311,White,Territory21,Territory29,Territory27
Territory29,180,329,White,Territory20,Territory30,Territory28
Territory30,137,318,White,Territory19,Territory31,Territory29
Territory31,98,316,White,Territory18,Territory32,Territory30
Territory32,61,311,White,Territory17,Territory31
Territory33,49,124,Neutral,Territory16,Territory34,Territory40
Territory34,50,171,Neutral,Territory33,Territory35,Territory39
Territory35,54,197,Neutral,Territory34,Territory36,Territory38
Territory36,47,250,Neutral,Territory35,Territory37,Territory17
Territory37,77,242,Neutral,Territory38,Territory36,Territory44,Territory18
Territory38,80,203,Neutral,Territory39,Territory37,Territory35,Territory43
Territory39,80,167,Neutral,Territory40,Territory38,Territory34,Territory42
Territory40,86,116,Neutral,Territory15,Territory39,Territory33,Territory41
Territory41,130,122,Neutral,Territory14,Territory42,Territory40,Territory48
Territory42,123,173,Neutral,Territory41,Territory43,Territory39,Territory47
Territory43,127,204,Neutral,Territory42,Territory44,Territory38,Territory46
Territory44,126,234,Neutral,Territory43,Territory37,Territory45,Territory19
Territory45,158,234,Neutral,Territory46,Territory44,Territory52,Territory20
Territory46,163,202,Neutral,Territory47,Territory45,Territory43,Territory51
Territory47,166,167,Neutral,Territory48,Territory46,Territory42,Territory50
Territory48,172,127,Neutral,Territory13,Territory47,Territory41,Territory49
Territory49,207,119,Neutral,Territory12,Territory50,Territory48,Territory56
Territory50,206,173,Neutral,Territory49,Territory51,Territory47,Territory55
Territory51,204,213,Neutral,Territory50,Territory52,Territory46,Territory54
Territory52,203,245,Neutral,Territory51,Territory45,Territory53,Territory21
Territory53,245,245,Neutral,Territory54,Territory52,Territory60,Territory22
Territory54,246,197,Neutral,Territory55,Territory53,Territory51,Territory59
Territory55,241,166,Neutral,Territory56,Territory54,Territory50,Territory58
Territory56,245,120,Neutral,Territory11,Territory55,Territory49,Territory57
Territory57,285,136,Neutral,Territory10,Territory58,Territory56,Territory64
Territory58,285,160,Neutral,Territory57,Territory59,Territory55,Territory63
Territory59,283,197,Neutral,Territory58,Territory60,Territory54,Territory62
Territory60,285,243,Neutral,Territory59,Territory53,Territory61,Territory23
Territory61,319,242,Neutral,Territory62,Territory60,Territory24
Territory62,320,207,Neutral,Territory63,Territory61,Territory59
Territory63,327,158,Neutral,Territory64,Territory62,Territory58
Territory64,327,134,Neutral,Territory09,Territory63,Territory57
