[Map]
author=John Fowler
image=Solar System 2.bmp
wrap=yes
scroll=none
warn=yes

[Continents]
Sun=10
Mercury=2
Venus=3
Earth=4
Mars=3
Jupiter=8
Saturn=6
Uranus=4
Neptune=5
Pluto=1

[Territories]
Territory01,23,453,Sun,Territory02,Territory10
Territory02,75,452,Sun,Territory01,Territory03
Territory03,122,464,Sun,Territory02,Territory04,Territory17
Territory04,159,483,Sun,Territory03,Territory05,Territory25
Territory05,192,508,Sun,Territory04,Territory06
Territory06,226,555,Sun,Territory05,Territory07
Territory07,245,603,Sun,Territory06,Territory08
Territory08,252,647,Sun,Territory07,Territory09,Territory32
Territory09,246,690,Sun,Territory08
Territory10,56,415,Mercury,Territory11,Territory17,Territory01
Territory11,29,389,Mercury,Territory12,Territory10
Territory12,27,350,Mercury,Territory13,Territory11
Territory13,54,323,Mercury,Territory14,Territory12
Territory14,94,323,Mercury,Territory66,Territory13,Territory15
Territory15,121,352,Mercury,Territory16,Territory14
Territory16,120,389,Mercury,Territory17,Territory15
Territory17,93,414,Mercury,Territory10,Territory16,Territory03
Territory18,197,390,Venus,Territory25,Territory19
Territory19,234,353,Venus,Territory18,Territory20,Territory68
Territory20,285,352,Venus,Territory19,Territory21
Territory21,321,389,Venus,Territory20,Territory22,Territory54
Territory22,320,440,Venus,Territory21,Territory23
Territory23,284,475,Venus,Territory26,Territory24,Territory22
Territory24,233,474,Venus,Territory23,Territory25
Territory25,199,440,Venus,Territory24,Territory18,Territory04
Territory26,356,518,Earth,Territory27,Territory33,Territory23
Territory27,423,517,Earth,Territory28,Territory26,Territory56
Territory28,465,565,Earth,Territory29,Territory27
Territory29,463,623,Earth,Territory30,Territory28,Territory41
Territory30,421,668,Earth,Territory31,Territory29
Territory31,357,668,Earth,Territory32,Territory30
Territory32,315,626,Earth,Territory08,Territory31,Territory33
Territory33,313,563,Earth,Territory26,Territory32
Territory34,540,582,Mars,Territory35,Territory41
Territory35,575,548,Mars,Territory42,Territory34,Territory36
Territory36,623,548,Mars,Territory37,Territory35
Territory37,657,582,Mars,Territory38,Territory36
Territory38,657,631,Mars,Territory39,Territory37
Territory39,624,664,Mars,Territory40,Territory38
Territory40,575,664,Mars,Territory41,Territory39
Territory41,540,630,Mars,Territory34,Territory40,Territory29
Territory42,545,483,Jupiter,Territory57,Territory43,Territory35
Territory43,591,463,Jupiter,Territory42,Territory44
Territory44,627,426,Jupiter,Territory43,Territory45
Territory45,646,379,Jupiter,Territory44,Territory46
Territory46,647,328,Jupiter,Territory45,Territory47
Territory47,629,279,Jupiter,Territory46,Territory48
Territory48,591,242,Jupiter,Territory47,Territory49,Territory70
Territory49,543,223,Jupiter,Territory48,Territory50
Territory50,488,223,Jupiter,Territory49,Territory51
Territory51,443,242,Jupiter,Territory50,Territory52,Territory79
Territory52,407,278,Jupiter,Territory51,Territory53,Territory58
Territory53,388,326,Jupiter,Territory52,Territory54
Territory54,388,380,Jupiter,Territory21,Territory55,Territory53
Territory55,407,428,Jupiter,Territory54,Territory56
Territory56,445,464,Jupiter,Territory55,Territory57,Territory27
Territory57,493,483,Jupiter,Territory56,Territory42
Territory58,267,254,Saturn,Territory59,Territory69,Territory52
Territory59,271,186,Saturn,Territory60,Territory58
Territory60,248,144,Saturn,Territory61,Territory59,Territory85
Territory61,209,122,Saturn,Territory62,Territory60
Territory62,164,123,Saturn,Territory63,Territory61
Territory63,126,145,Saturn,Territory64,Territory62,Territory87
Territory64,104,183,Saturn,Territory65,Territory63
Territory65,108,251,Saturn,Territory66,Territory64
Territory66,131,281,Saturn,Territory67,Territory65,Territory14
Territory67,166,299,Saturn,Territory68,Territory66
Territory68,209,300,Saturn,Territory19,Territory67,Territory69
Territory69,243,283,Saturn,Territory58,Territory68
Territory70,596,161,Uranus,Territory71,Territory78,Territory48
Territory71,630,122,Uranus,Territory72,Territory70
Territory72,630,71,Uranus,Territory73,Territory71
Territory73,595,35,Uranus,Territory74,Territory72
Territory74,542,35,Uranus,Territory75,Territory73
Territory75,504,72,Uranus,Territory81,Territory74,Territory76
Territory76,504,124,Uranus,Territory78,Territory75
Territory78,542,162,Uranus,Territory70,Territory76
Territory79,397,152,Neptune,Territory51,Territory86,Territory80
Territory80,432,114,Neptune,Territory81,Territory79
Territory81,431,63,Neptune,Territory82,Territory80,Territory75
Territory82,395,28,Neptune,Territory83,Territory81
Territory83,344,31,Neptune,Territory84,Territory82
Territory84,309,66,Neptune,Territory85,Territory83,Territory88
Territory85,309,116,Neptune,Territory86,Territory84,Territory60
Territory86,343,151,Neptune,Territory79,Territory85
Territory87,79,86,Pluto,Territory90,Territory88,Territory63
Territory88,79,47,Pluto,Territory84,Territory89,Territory87
Territory89,38,48,Pluto,Territory88,Territory90
Territory90,40,89,Pluto,Territory89,Territory87
